// Jest Snapshot v1, https://goo.gl/fbAQLP

exports[`Given CircuitView, it renders correctly 1`] = `
<div>
  circuit
  <button
    onClick={[Function]}
  >
    Select
  </button>
</div>
`;
