// Jest Snapshot v1, https://goo.gl/fbAQLP

exports[`Given CircuitListView, it renders correctly 1`] = `
<div>
  <CircuitView
    circuit={
      Object {
        "exerciseGroups": Array [],
        "id": "0",
        "name": "circuit",
        "repetitions": 1,
      }
    }
    key="0"
    onClick={[MockFunction]}
  />
</div>
`;
